--------------------------------------------------------------------------------
Release 13.4 Trace  (lin64)
Copyright (c) 1995-2011 Xilinx, Inc.  All rights reserved.

/usr/local/insa/Xilinx.ISE/13.4/ISE_DS/ISE/bin/lin64/unwrapped/trce -intstyle
ise -v 3 -s 3 -n 3 -fastpaths -xml bancoreg.twx bancoreg.ncd -o bancoreg.twr
bancoreg.pcf

Design file:              bancoreg.ncd
Physical constraint file: bancoreg.pcf
Device,package,speed:     xc6slx16,csg324,C,-3 (PRODUCTION 1.21 2012-01-07)
Report level:             verbose report

Environment Variable      Effect 
--------------------      ------ 
NONE                      No environment variables were set
--------------------------------------------------------------------------------

INFO:Timing:2698 - No timing constraints found, doing default enumeration.
INFO:Timing:3412 - To improve timing, see the Timing Closure User Guide (UG612).
INFO:Timing:2752 - To get complete path coverage, use the unconstrained paths 
   option. All paths that are not constrained will be reported in the 
   unconstrained paths section(s) of the report.
INFO:Timing:3339 - The clock-to-out numbers in this timing report are based on 
   a 50 Ohm transmission line loading model.  For the details of this model, 
   and for more information on accounting for different loading conditions, 
   please see the device datasheet.



Data Sheet report:
-----------------
All values displayed in nanoseconds (ns)

Setup/Hold to clock clk
------------+------------+------------+------------+------------+------------------+--------+
            |Max Setup to|  Process   |Max Hold to |  Process   |                  | Clock  |
Source      | clk (edge) |   Corner   | clk (edge) |   Corner   |Internal Clock(s) | Phase  |
------------+------------+------------+------------+------------+------------------+--------+
rst         |    4.281(R)|      SLOW  |   -1.250(R)|      FAST  |clk_BUFGP         |   0.000|
select_wr<0>|    6.269(R)|      SLOW  |   -2.381(R)|      FAST  |clk_BUFGP         |   0.000|
select_wr<1>|    5.957(R)|      SLOW  |   -1.906(R)|      FAST  |clk_BUFGP         |   0.000|
select_wr<2>|    6.076(R)|      SLOW  |   -2.132(R)|      FAST  |clk_BUFGP         |   0.000|
select_wr<3>|    6.260(R)|      SLOW  |   -2.000(R)|      FAST  |clk_BUFGP         |   0.000|
wr_data<0>  |    3.999(R)|      SLOW  |   -1.597(R)|      FAST  |clk_BUFGP         |   0.000|
wr_data<1>  |    3.553(R)|      SLOW  |   -1.371(R)|      FAST  |clk_BUFGP         |   0.000|
wr_data<2>  |    3.436(R)|      SLOW  |   -1.382(R)|      FAST  |clk_BUFGP         |   0.000|
wr_data<3>  |    3.076(R)|      SLOW  |   -1.523(R)|      FAST  |clk_BUFGP         |   0.000|
wr_data<4>  |    3.980(R)|      SLOW  |   -2.108(R)|      FAST  |clk_BUFGP         |   0.000|
wr_data<5>  |    3.066(R)|      SLOW  |   -1.683(R)|      FAST  |clk_BUFGP         |   0.000|
wr_data<6>  |    3.618(R)|      SLOW  |   -1.604(R)|      FAST  |clk_BUFGP         |   0.000|
wr_data<7>  |    3.984(R)|      SLOW  |   -1.831(R)|      FAST  |clk_BUFGP         |   0.000|
wr_data<8>  |    3.369(R)|      SLOW  |   -1.637(R)|      FAST  |clk_BUFGP         |   0.000|
wr_data<9>  |    2.569(R)|      SLOW  |   -1.371(R)|      FAST  |clk_BUFGP         |   0.000|
wr_data<10> |    3.311(R)|      SLOW  |   -1.646(R)|      FAST  |clk_BUFGP         |   0.000|
wr_data<11> |    2.946(R)|      SLOW  |   -1.383(R)|      FAST  |clk_BUFGP         |   0.000|
wr_data<12> |    4.539(R)|      SLOW  |   -1.795(R)|      FAST  |clk_BUFGP         |   0.000|
wr_data<13> |    3.645(R)|      SLOW  |   -1.728(R)|      FAST  |clk_BUFGP         |   0.000|
wr_data<14> |    4.288(R)|      SLOW  |   -2.054(R)|      FAST  |clk_BUFGP         |   0.000|
wr_data<15> |    4.152(R)|      SLOW  |   -2.211(R)|      FAST  |clk_BUFGP         |   0.000|
wr_en       |    5.996(R)|      SLOW  |   -2.069(R)|      FAST  |clk_BUFGP         |   0.000|
------------+------------+------------+------------+------------+------------------+--------+

Clock clk to Pad
-------------+-----------------+------------+-----------------+------------+------------------+--------+
             |Max (slowest) clk|  Process   |Min (fastest) clk|  Process   |                  | Clock  |
Destination  |  (edge) to PAD  |   Corner   |  (edge) to PAD  |   Corner   |Internal Clock(s) | Phase  |
-------------+-----------------+------------+-----------------+------------+------------------+--------+
data_out1<0> |        11.852(R)|      SLOW  |         6.098(R)|      FAST  |clk_BUFGP         |   0.000|
data_out1<1> |        11.969(R)|      SLOW  |         6.120(R)|      FAST  |clk_BUFGP         |   0.000|
data_out1<2> |        11.491(R)|      SLOW  |         5.865(R)|      FAST  |clk_BUFGP         |   0.000|
data_out1<3> |        11.355(R)|      SLOW  |         5.722(R)|      FAST  |clk_BUFGP         |   0.000|
data_out1<4> |        11.451(R)|      SLOW  |         5.655(R)|      FAST  |clk_BUFGP         |   0.000|
data_out1<5> |        11.448(R)|      SLOW  |         5.621(R)|      FAST  |clk_BUFGP         |   0.000|
data_out1<6> |        11.395(R)|      SLOW  |         5.721(R)|      FAST  |clk_BUFGP         |   0.000|
data_out1<7> |        10.817(R)|      SLOW  |         5.410(R)|      FAST  |clk_BUFGP         |   0.000|
data_out1<8> |        11.617(R)|      SLOW  |         5.647(R)|      FAST  |clk_BUFGP         |   0.000|
data_out1<9> |        10.917(R)|      SLOW  |         5.369(R)|      FAST  |clk_BUFGP         |   0.000|
data_out1<10>|        11.254(R)|      SLOW  |         5.521(R)|      FAST  |clk_BUFGP         |   0.000|
data_out1<11>|        11.296(R)|      SLOW  |         5.286(R)|      FAST  |clk_BUFGP         |   0.000|
data_out1<12>|        10.902(R)|      SLOW  |         5.411(R)|      FAST  |clk_BUFGP         |   0.000|
data_out1<13>|        11.722(R)|      SLOW  |         5.814(R)|      FAST  |clk_BUFGP         |   0.000|
data_out1<14>|        11.168(R)|      SLOW  |         5.666(R)|      FAST  |clk_BUFGP         |   0.000|
data_out1<15>|        12.130(R)|      SLOW  |         5.805(R)|      FAST  |clk_BUFGP         |   0.000|
data_out2<0> |        11.202(R)|      SLOW  |         5.595(R)|      FAST  |clk_BUFGP         |   0.000|
data_out2<1> |        11.458(R)|      SLOW  |         5.906(R)|      FAST  |clk_BUFGP         |   0.000|
data_out2<2> |        11.374(R)|      SLOW  |         5.803(R)|      FAST  |clk_BUFGP         |   0.000|
data_out2<3> |        11.630(R)|      SLOW  |         5.878(R)|      FAST  |clk_BUFGP         |   0.000|
data_out2<4> |        11.003(R)|      SLOW  |         5.621(R)|      FAST  |clk_BUFGP         |   0.000|
data_out2<5> |        11.254(R)|      SLOW  |         5.781(R)|      FAST  |clk_BUFGP         |   0.000|
data_out2<6> |        10.991(R)|      SLOW  |         5.536(R)|      FAST  |clk_BUFGP         |   0.000|
data_out2<7> |        11.554(R)|      SLOW  |         6.025(R)|      FAST  |clk_BUFGP         |   0.000|
data_out2<8> |        10.867(R)|      SLOW  |         5.329(R)|      FAST  |clk_BUFGP         |   0.000|
data_out2<9> |        10.747(R)|      SLOW  |         5.455(R)|      FAST  |clk_BUFGP         |   0.000|
data_out2<10>|        10.849(R)|      SLOW  |         5.618(R)|      FAST  |clk_BUFGP         |   0.000|
data_out2<11>|        11.767(R)|      SLOW  |         5.649(R)|      FAST  |clk_BUFGP         |   0.000|
data_out2<12>|        11.224(R)|      SLOW  |         5.849(R)|      FAST  |clk_BUFGP         |   0.000|
data_out2<13>|        11.267(R)|      SLOW  |         5.842(R)|      FAST  |clk_BUFGP         |   0.000|
data_out2<14>|        11.626(R)|      SLOW  |         5.838(R)|      FAST  |clk_BUFGP         |   0.000|
data_out2<15>|        11.944(R)|      SLOW  |         6.127(R)|      FAST  |clk_BUFGP         |   0.000|
-------------+-----------------+------------+-----------------+------------+------------------+--------+

Pad to Pad
---------------+---------------+---------+
Source Pad     |Destination Pad|  Delay  |
---------------+---------------+---------+
select_lw1<0>  |data_out1<0>   |   13.345|
select_lw1<0>  |data_out1<1>   |   14.531|
select_lw1<0>  |data_out1<2>   |   13.285|
select_lw1<0>  |data_out1<3>   |   13.656|
select_lw1<0>  |data_out1<4>   |   13.215|
select_lw1<0>  |data_out1<5>   |   13.339|
select_lw1<0>  |data_out1<6>   |   13.314|
select_lw1<0>  |data_out1<7>   |   13.174|
select_lw1<0>  |data_out1<8>   |   13.210|
select_lw1<0>  |data_out1<9>   |   12.519|
select_lw1<0>  |data_out1<10>  |   12.842|
select_lw1<0>  |data_out1<11>  |   13.715|
select_lw1<0>  |data_out1<12>  |   13.833|
select_lw1<0>  |data_out1<13>  |   13.872|
select_lw1<0>  |data_out1<14>  |   13.811|
select_lw1<0>  |data_out1<15>  |   13.458|
select_lw1<1>  |data_out1<0>   |   12.965|
select_lw1<1>  |data_out1<1>   |   14.103|
select_lw1<1>  |data_out1<2>   |   13.297|
select_lw1<1>  |data_out1<3>   |   13.379|
select_lw1<1>  |data_out1<4>   |   13.435|
select_lw1<1>  |data_out1<5>   |   12.981|
select_lw1<1>  |data_out1<6>   |   12.778|
select_lw1<1>  |data_out1<7>   |   12.731|
select_lw1<1>  |data_out1<8>   |   12.674|
select_lw1<1>  |data_out1<9>   |   11.983|
select_lw1<1>  |data_out1<10>  |   12.306|
select_lw1<1>  |data_out1<11>  |   13.179|
select_lw1<1>  |data_out1<12>  |   13.297|
select_lw1<1>  |data_out1<13>  |   13.551|
select_lw1<1>  |data_out1<14>  |   13.276|
select_lw1<1>  |data_out1<15>  |   13.736|
select_lw1<2>  |data_out1<0>   |   12.945|
select_lw1<2>  |data_out1<1>   |   13.279|
select_lw1<2>  |data_out1<2>   |   12.323|
select_lw1<2>  |data_out1<3>   |   12.617|
select_lw1<2>  |data_out1<4>   |   13.234|
select_lw1<2>  |data_out1<5>   |   13.353|
select_lw1<2>  |data_out1<6>   |   13.563|
select_lw1<2>  |data_out1<7>   |   12.643|
select_lw1<2>  |data_out1<8>   |   13.351|
select_lw1<2>  |data_out1<9>   |   12.963|
select_lw1<2>  |data_out1<10>  |   12.869|
select_lw1<2>  |data_out1<11>  |   13.184|
select_lw1<2>  |data_out1<12>  |   13.766|
select_lw1<2>  |data_out1<13>  |   14.195|
select_lw1<2>  |data_out1<14>  |   14.104|
select_lw1<2>  |data_out1<15>  |   14.488|
select_lw1<3>  |data_out1<0>   |   12.052|
select_lw1<3>  |data_out1<1>   |   13.572|
select_lw1<3>  |data_out1<2>   |   12.080|
select_lw1<3>  |data_out1<3>   |   13.105|
select_lw1<3>  |data_out1<4>   |   12.848|
select_lw1<3>  |data_out1<5>   |   12.292|
select_lw1<3>  |data_out1<6>   |   11.869|
select_lw1<3>  |data_out1<7>   |   11.562|
select_lw1<3>  |data_out1<8>   |   11.598|
select_lw1<3>  |data_out1<9>   |   10.907|
select_lw1<3>  |data_out1<10>  |   11.230|
select_lw1<3>  |data_out1<11>  |   12.103|
select_lw1<3>  |data_out1<12>  |   12.634|
select_lw1<3>  |data_out1<13>  |   12.907|
select_lw1<3>  |data_out1<14>  |   13.180|
select_lw1<3>  |data_out1<15>  |   13.346|
select_lw2<0>  |data_out2<0>   |   12.240|
select_lw2<0>  |data_out2<1>   |   13.858|
select_lw2<0>  |data_out2<2>   |   13.589|
select_lw2<0>  |data_out2<3>   |   13.827|
select_lw2<0>  |data_out2<4>   |   13.411|
select_lw2<0>  |data_out2<5>   |   13.416|
select_lw2<0>  |data_out2<6>   |   12.986|
select_lw2<0>  |data_out2<7>   |   14.330|
select_lw2<0>  |data_out2<8>   |   11.635|
select_lw2<0>  |data_out2<9>   |   12.033|
select_lw2<0>  |data_out2<10>  |   12.526|
select_lw2<0>  |data_out2<11>  |   12.937|
select_lw2<0>  |data_out2<12>  |   14.316|
select_lw2<0>  |data_out2<13>  |   14.064|
select_lw2<0>  |data_out2<14>  |   14.128|
select_lw2<0>  |data_out2<15>  |   14.925|
select_lw2<1>  |data_out2<0>   |   13.029|
select_lw2<1>  |data_out2<1>   |   14.868|
select_lw2<1>  |data_out2<2>   |   14.039|
select_lw2<1>  |data_out2<3>   |   14.659|
select_lw2<1>  |data_out2<4>   |   13.628|
select_lw2<1>  |data_out2<5>   |   13.412|
select_lw2<1>  |data_out2<6>   |   13.579|
select_lw2<1>  |data_out2<7>   |   14.398|
select_lw2<1>  |data_out2<8>   |   12.139|
select_lw2<1>  |data_out2<9>   |   11.902|
select_lw2<1>  |data_out2<10>  |   12.875|
select_lw2<1>  |data_out2<11>  |   12.643|
select_lw2<1>  |data_out2<12>  |   14.460|
select_lw2<1>  |data_out2<13>  |   14.169|
select_lw2<1>  |data_out2<14>  |   14.328|
select_lw2<1>  |data_out2<15>  |   14.874|
select_lw2<2>  |data_out2<0>   |   12.364|
select_lw2<2>  |data_out2<1>   |   14.152|
select_lw2<2>  |data_out2<2>   |   13.464|
select_lw2<2>  |data_out2<3>   |   13.981|
select_lw2<2>  |data_out2<4>   |   13.574|
select_lw2<2>  |data_out2<5>   |   12.580|
select_lw2<2>  |data_out2<6>   |   12.583|
select_lw2<2>  |data_out2<7>   |   13.761|
select_lw2<2>  |data_out2<8>   |   11.171|
select_lw2<2>  |data_out2<9>   |   11.260|
select_lw2<2>  |data_out2<10>  |   11.855|
select_lw2<2>  |data_out2<11>  |   11.861|
select_lw2<2>  |data_out2<12>  |   13.531|
select_lw2<2>  |data_out2<13>  |   13.363|
select_lw2<2>  |data_out2<14>  |   13.700|
select_lw2<2>  |data_out2<15>  |   14.008|
select_lw2<3>  |data_out2<0>   |   12.016|
select_lw2<3>  |data_out2<1>   |   13.129|
select_lw2<3>  |data_out2<2>   |   12.896|
select_lw2<3>  |data_out2<3>   |   12.939|
select_lw2<3>  |data_out2<4>   |   13.213|
select_lw2<3>  |data_out2<5>   |   12.887|
select_lw2<3>  |data_out2<6>   |   12.866|
select_lw2<3>  |data_out2<7>   |   13.288|
select_lw2<3>  |data_out2<8>   |   11.122|
select_lw2<3>  |data_out2<9>   |   11.224|
select_lw2<3>  |data_out2<10>  |   11.622|
select_lw2<3>  |data_out2<11>  |   11.838|
select_lw2<3>  |data_out2<12>  |   12.725|
select_lw2<3>  |data_out2<13>  |   12.615|
select_lw2<3>  |data_out2<14>  |   12.712|
select_lw2<3>  |data_out2<15>  |   13.082|
select_wr<0>   |data_out1<0>   |   12.121|
select_wr<0>   |data_out1<1>   |   12.586|
select_wr<0>   |data_out1<2>   |   11.630|
select_wr<0>   |data_out1<3>   |   11.924|
select_wr<0>   |data_out1<4>   |   11.991|
select_wr<0>   |data_out1<5>   |   12.115|
select_wr<0>   |data_out1<6>   |   12.090|
select_wr<0>   |data_out1<7>   |   11.950|
select_wr<0>   |data_out1<8>   |   11.986|
select_wr<0>   |data_out1<9>   |   11.295|
select_wr<0>   |data_out1<10>  |   11.618|
select_wr<0>   |data_out1<11>  |   12.491|
select_wr<0>   |data_out1<12>  |   12.609|
select_wr<0>   |data_out1<13>  |   12.648|
select_wr<0>   |data_out1<14>  |   12.587|
select_wr<0>   |data_out1<15>  |   12.234|
select_wr<1>   |data_out1<0>   |   12.322|
select_wr<1>   |data_out1<1>   |   12.787|
select_wr<1>   |data_out1<2>   |   11.831|
select_wr<1>   |data_out1<3>   |   12.125|
select_wr<1>   |data_out1<4>   |   12.192|
select_wr<1>   |data_out1<5>   |   12.316|
select_wr<1>   |data_out1<6>   |   12.291|
select_wr<1>   |data_out1<7>   |   12.151|
select_wr<1>   |data_out1<8>   |   12.187|
select_wr<1>   |data_out1<9>   |   11.496|
select_wr<1>   |data_out1<10>  |   11.819|
select_wr<1>   |data_out1<11>  |   12.692|
select_wr<1>   |data_out1<12>  |   12.810|
select_wr<1>   |data_out1<13>  |   12.849|
select_wr<1>   |data_out1<14>  |   12.788|
select_wr<1>   |data_out1<15>  |   12.435|
select_wr<2>   |data_out1<0>   |   11.317|
select_wr<2>   |data_out1<1>   |   11.782|
select_wr<2>   |data_out1<2>   |   10.826|
select_wr<2>   |data_out1<3>   |   11.120|
select_wr<2>   |data_out1<4>   |   11.187|
select_wr<2>   |data_out1<5>   |   11.311|
select_wr<2>   |data_out1<6>   |   11.286|
select_wr<2>   |data_out1<7>   |   11.146|
select_wr<2>   |data_out1<8>   |   11.182|
select_wr<2>   |data_out1<9>   |   10.491|
select_wr<2>   |data_out1<10>  |   10.814|
select_wr<2>   |data_out1<11>  |   11.687|
select_wr<2>   |data_out1<12>  |   11.805|
select_wr<2>   |data_out1<13>  |   11.844|
select_wr<2>   |data_out1<14>  |   11.783|
select_wr<2>   |data_out1<15>  |   11.430|
select_wr<3>   |data_out1<0>   |   11.276|
select_wr<3>   |data_out1<1>   |   11.741|
select_wr<3>   |data_out1<2>   |   10.785|
select_wr<3>   |data_out1<3>   |   11.079|
select_wr<3>   |data_out1<4>   |   11.146|
select_wr<3>   |data_out1<5>   |   11.270|
select_wr<3>   |data_out1<6>   |   11.245|
select_wr<3>   |data_out1<7>   |   11.105|
select_wr<3>   |data_out1<8>   |   11.141|
select_wr<3>   |data_out1<9>   |   10.450|
select_wr<3>   |data_out1<10>  |   10.773|
select_wr<3>   |data_out1<11>  |   11.646|
select_wr<3>   |data_out1<12>  |   11.764|
select_wr<3>   |data_out1<13>  |   11.803|
select_wr<3>   |data_out1<14>  |   11.742|
select_wr<3>   |data_out1<15>  |   11.389|
wr_data<0>     |data_out1<0>   |   10.806|
wr_data<1>     |data_out1<1>   |   10.134|
wr_data<2>     |data_out1<2>   |   10.304|
wr_data<3>     |data_out1<3>   |   11.266|
wr_data<4>     |data_out1<4>   |   10.758|
wr_data<5>     |data_out1<5>   |   10.566|
wr_data<6>     |data_out1<6>   |   10.329|
wr_data<7>     |data_out1<7>   |   10.594|
wr_data<8>     |data_out1<8>   |   11.576|
wr_data<9>     |data_out1<9>   |   10.966|
wr_data<10>    |data_out1<10>  |   11.600|
wr_data<11>    |data_out1<11>  |   10.433|
wr_data<12>    |data_out1<12>  |   10.233|
wr_data<13>    |data_out1<13>  |   10.413|
wr_data<14>    |data_out1<14>  |   10.520|
wr_data<15>    |data_out1<15>  |   10.463|
wr_en          |data_out1<0>   |   11.076|
wr_en          |data_out1<1>   |   11.541|
wr_en          |data_out1<2>   |   10.585|
wr_en          |data_out1<3>   |   10.879|
wr_en          |data_out1<4>   |   10.946|
wr_en          |data_out1<5>   |   11.070|
wr_en          |data_out1<6>   |   11.045|
wr_en          |data_out1<7>   |   10.905|
wr_en          |data_out1<8>   |   10.941|
wr_en          |data_out1<9>   |   10.250|
wr_en          |data_out1<10>  |   10.573|
wr_en          |data_out1<11>  |   11.446|
wr_en          |data_out1<12>  |   11.564|
wr_en          |data_out1<13>  |   11.603|
wr_en          |data_out1<14>  |   11.542|
wr_en          |data_out1<15>  |   11.189|
---------------+---------------+---------+


Analysis completed Fri Jun  1 09:44:04 2018 
--------------------------------------------------------------------------------

Trace Settings:
-------------------------
Trace Settings 

Peak Memory Usage: 391 MB



