--------------------------------------------------------------------------------
Release 13.4 Trace  (lin64)
Copyright (c) 1995-2011 Xilinx, Inc.  All rights reserved.

/usr/local/insa/Xilinx.ISE/13.4/ISE_DS/ISE/bin/lin64/unwrapped/trce -intstyle
ise -v 3 -s 3 -n 3 -fastpaths -xml PipeLine.twx PipeLine.ncd -o PipeLine.twr
PipeLine.pcf

Design file:              PipeLine.ncd
Physical constraint file: PipeLine.pcf
Device,package,speed:     xc6slx16,csg324,C,-3 (PRODUCTION 1.21 2012-01-07)
Report level:             verbose report

Environment Variable      Effect 
--------------------      ------ 
NONE                      No environment variables were set
--------------------------------------------------------------------------------

INFO:Timing:2698 - No timing constraints found, doing default enumeration.
INFO:Timing:3412 - To improve timing, see the Timing Closure User Guide (UG612).
INFO:Timing:2752 - To get complete path coverage, use the unconstrained paths 
   option. All paths that are not constrained will be reported in the 
   unconstrained paths section(s) of the report.
INFO:Timing:3339 - The clock-to-out numbers in this timing report are based on 
   a 50 Ohm transmission line loading model.  For the details of this model, 
   and for more information on accounting for different loading conditions, 
   please see the device datasheet.



Data Sheet report:
-----------------
All values displayed in nanoseconds (ns)

Setup/Hold to clock CLK
-------------+------------+------------+------------+------------+------------------+--------+
             |Max Setup to|  Process   |Max Hold to |  Process   |                  | Clock  |
Source       | clk (edge) |   Corner   | clk (edge) |   Corner   |Internal Clock(s) | Phase  |
-------------+------------+------------+------------+------------+------------------+--------+
entr0_in<0>  |    0.570(R)|      FAST  |    0.783(R)|      SLOW  |CLK_BUFGP         |   0.000|
entr0_in<1>  |    0.568(R)|      FAST  |    0.785(R)|      SLOW  |CLK_BUFGP         |   0.000|
entr0_in<2>  |    0.574(R)|      FAST  |    0.779(R)|      SLOW  |CLK_BUFGP         |   0.000|
entr0_in<3>  |    0.579(R)|      FAST  |    0.774(R)|      SLOW  |CLK_BUFGP         |   0.000|
entr0_in<4>  |   -0.016(R)|      FAST  |    1.246(R)|      SLOW  |CLK_BUFGP         |   0.000|
entr0_in<5>  |   -0.011(R)|      FAST  |    1.241(R)|      SLOW  |CLK_BUFGP         |   0.000|
entr0_in<6>  |   -0.008(R)|      FAST  |    1.238(R)|      SLOW  |CLK_BUFGP         |   0.000|
entr0_in<7>  |   -0.013(R)|      FAST  |    1.243(R)|      SLOW  |CLK_BUFGP         |   0.000|
entr0_in<8>  |   -0.009(R)|      FAST  |    1.239(R)|      SLOW  |CLK_BUFGP         |   0.000|
entr0_in<9>  |   -0.010(R)|      FAST  |    1.240(R)|      SLOW  |CLK_BUFGP         |   0.000|
entr0_in<10> |   -0.013(R)|      FAST  |    1.243(R)|      SLOW  |CLK_BUFGP         |   0.000|
entr0_in<11> |   -0.044(R)|      FAST  |    1.306(R)|      SLOW  |CLK_BUFGP         |   0.000|
entr0_in<12> |   -0.016(R)|      FAST  |    1.246(R)|      SLOW  |CLK_BUFGP         |   0.000|
entr0_in<13> |   -0.047(R)|      FAST  |    1.309(R)|      SLOW  |CLK_BUFGP         |   0.000|
entr0_in<14> |   -0.041(R)|      FAST  |    1.303(R)|      SLOW  |CLK_BUFGP         |   0.000|
entr0_in<15> |   -0.018(R)|      FAST  |    1.248(R)|      SLOW  |CLK_BUFGP         |   0.000|
entr1_in<0>  |    4.227(R)|      SLOW  |   -2.622(R)|      FAST  |CLK_BUFGP         |   0.000|
entr1_in<1>  |    4.194(R)|      SLOW  |   -2.590(R)|      FAST  |CLK_BUFGP         |   0.000|
entr1_in<2>  |    4.282(R)|      SLOW  |   -2.648(R)|      FAST  |CLK_BUFGP         |   0.000|
entr1_in<3>  |    4.434(R)|      SLOW  |   -2.708(R)|      FAST  |CLK_BUFGP         |   0.000|
entr1_in<4>  |    4.478(R)|      SLOW  |   -2.747(R)|      FAST  |CLK_BUFGP         |   0.000|
entr1_in<5>  |    4.413(R)|      SLOW  |   -2.729(R)|      FAST  |CLK_BUFGP         |   0.000|
entr1_in<6>  |    4.648(R)|      SLOW  |   -2.884(R)|      FAST  |CLK_BUFGP         |   0.000|
entr1_in<7>  |    4.610(R)|      SLOW  |   -2.895(R)|      FAST  |CLK_BUFGP         |   0.000|
entr1_in<8>  |    4.946(R)|      SLOW  |   -3.080(R)|      FAST  |CLK_BUFGP         |   0.000|
entr1_in<9>  |    4.647(R)|      SLOW  |   -2.845(R)|      FAST  |CLK_BUFGP         |   0.000|
entr1_in<10> |    4.704(R)|      SLOW  |   -2.908(R)|      FAST  |CLK_BUFGP         |   0.000|
entr1_in<11> |    4.606(R)|      SLOW  |   -2.848(R)|      FAST  |CLK_BUFGP         |   0.000|
entr1_in<12> |    4.707(R)|      SLOW  |   -2.927(R)|      FAST  |CLK_BUFGP         |   0.000|
entr1_in<13> |    4.685(R)|      SLOW  |   -2.938(R)|      FAST  |CLK_BUFGP         |   0.000|
entr1_in<14> |    4.711(R)|      SLOW  |   -2.854(R)|      FAST  |CLK_BUFGP         |   0.000|
entr1_in<15> |    4.331(R)|      SLOW  |   -2.650(R)|      FAST  |CLK_BUFGP         |   0.000|
op_in<0>     |   -0.019(R)|      FAST  |    1.249(R)|      SLOW  |CLK_BUFGP         |   0.000|
op_in<1>     |   -0.050(R)|      FAST  |    1.312(R)|      SLOW  |CLK_BUFGP         |   0.000|
op_in<2>     |   -0.013(R)|      FAST  |    1.243(R)|      SLOW  |CLK_BUFGP         |   0.000|
op_in<3>     |   -0.044(R)|      FAST  |    1.306(R)|      SLOW  |CLK_BUFGP         |   0.000|
op_in<4>     |   -0.008(R)|      FAST  |    1.238(R)|      SLOW  |CLK_BUFGP         |   0.000|
op_in<5>     |   -0.039(R)|      FAST  |    1.301(R)|      SLOW  |CLK_BUFGP         |   0.000|
op_in<6>     |   -0.015(R)|      FAST  |    1.245(R)|      SLOW  |CLK_BUFGP         |   0.000|
op_in<7>     |   -0.046(R)|      FAST  |    1.308(R)|      SLOW  |CLK_BUFGP         |   0.000|
sortie_in<0> |    1.433(R)|      FAST  |   -0.368(R)|      SLOW  |CLK_BUFGP         |   0.000|
sortie_in<1> |    1.560(R)|      FAST  |   -0.540(R)|      SLOW  |CLK_BUFGP         |   0.000|
sortie_in<2> |    2.111(R)|      SLOW  |   -1.069(R)|      SLOW  |CLK_BUFGP         |   0.000|
sortie_in<3> |    1.500(R)|      FAST  |   -0.480(R)|      SLOW  |CLK_BUFGP         |   0.000|
sortie_in<4> |    2.125(R)|      SLOW  |   -1.081(R)|      SLOW  |CLK_BUFGP         |   0.000|
sortie_in<5> |    1.504(R)|      FAST  |   -0.469(R)|      SLOW  |CLK_BUFGP         |   0.000|
sortie_in<6> |    1.705(R)|      SLOW  |   -0.681(R)|      SLOW  |CLK_BUFGP         |   0.000|
sortie_in<7> |    1.421(R)|      FAST  |   -0.353(R)|      SLOW  |CLK_BUFGP         |   0.000|
sortie_in<8> |    1.427(R)|      FAST  |   -0.377(R)|      SLOW  |CLK_BUFGP         |   0.000|
sortie_in<9> |    1.741(R)|      SLOW  |   -0.718(R)|      SLOW  |CLK_BUFGP         |   0.000|
sortie_in<10>|    1.772(R)|      SLOW  |   -0.739(R)|      SLOW  |CLK_BUFGP         |   0.000|
sortie_in<11>|    1.347(R)|      FAST  |   -0.297(R)|      SLOW  |CLK_BUFGP         |   0.000|
sortie_in<12>|    2.956(R)|      SLOW  |   -1.884(R)|      SLOW  |CLK_BUFGP         |   0.000|
sortie_in<13>|    1.708(R)|      SLOW  |   -0.685(R)|      SLOW  |CLK_BUFGP         |   0.000|
sortie_in<14>|    1.716(R)|      SLOW  |   -0.692(R)|      SLOW  |CLK_BUFGP         |   0.000|
sortie_in<15>|    1.719(R)|      SLOW  |   -0.700(R)|      SLOW  |CLK_BUFGP         |   0.000|
-------------+------------+------------+------------+------------+------------------+--------+

Clock CLK to Pad
--------------+-----------------+------------+-----------------+------------+------------------+--------+
              |Max (slowest) clk|  Process   |Min (fastest) clk|  Process   |                  | Clock  |
Destination   |  (edge) to PAD  |   Corner   |  (edge) to PAD  |   Corner   |Internal Clock(s) | Phase  |
--------------+-----------------+------------+-----------------+------------+------------------+--------+
entr0_out<0>  |         6.200(R)|      SLOW  |         2.824(R)|      FAST  |CLK_BUFGP         |   0.000|
entr0_out<1>  |         6.202(R)|      SLOW  |         2.826(R)|      FAST  |CLK_BUFGP         |   0.000|
entr0_out<2>  |         6.196(R)|      SLOW  |         2.820(R)|      FAST  |CLK_BUFGP         |   0.000|
entr0_out<3>  |         6.191(R)|      SLOW  |         2.815(R)|      FAST  |CLK_BUFGP         |   0.000|
entr0_out<4>  |         7.888(R)|      SLOW  |         4.083(R)|      FAST  |CLK_BUFGP         |   0.000|
entr0_out<5>  |         7.883(R)|      SLOW  |         4.078(R)|      FAST  |CLK_BUFGP         |   0.000|
entr0_out<6>  |         7.880(R)|      SLOW  |         4.075(R)|      FAST  |CLK_BUFGP         |   0.000|
entr0_out<7>  |         7.885(R)|      SLOW  |         4.080(R)|      FAST  |CLK_BUFGP         |   0.000|
entr0_out<8>  |         7.881(R)|      SLOW  |         4.076(R)|      FAST  |CLK_BUFGP         |   0.000|
entr0_out<9>  |         7.676(R)|      SLOW  |         3.950(R)|      FAST  |CLK_BUFGP         |   0.000|
entr0_out<10> |         7.678(R)|      SLOW  |         3.952(R)|      FAST  |CLK_BUFGP         |   0.000|
entr0_out<11> |         7.679(R)|      SLOW  |         3.953(R)|      FAST  |CLK_BUFGP         |   0.000|
entr0_out<12> |         8.005(R)|      SLOW  |         4.164(R)|      FAST  |CLK_BUFGP         |   0.000|
entr0_out<13> |         7.756(R)|      SLOW  |         4.004(R)|      FAST  |CLK_BUFGP         |   0.000|
entr0_out<14> |         7.944(R)|      SLOW  |         4.111(R)|      FAST  |CLK_BUFGP         |   0.000|
entr0_out<15> |         7.788(R)|      SLOW  |         4.036(R)|      FAST  |CLK_BUFGP         |   0.000|
entr1_out<0>  |         6.252(R)|      SLOW  |         2.876(R)|      FAST  |CLK_BUFGP         |   0.000|
entr1_out<1>  |         6.252(R)|      SLOW  |         2.876(R)|      FAST  |CLK_BUFGP         |   0.000|
entr1_out<2>  |         6.303(R)|      SLOW  |         2.927(R)|      FAST  |CLK_BUFGP         |   0.000|
entr1_out<3>  |         6.303(R)|      SLOW  |         2.927(R)|      FAST  |CLK_BUFGP         |   0.000|
entr1_out<4>  |         6.245(R)|      SLOW  |         2.869(R)|      FAST  |CLK_BUFGP         |   0.000|
entr1_out<5>  |         6.245(R)|      SLOW  |         2.869(R)|      FAST  |CLK_BUFGP         |   0.000|
entr1_out<6>  |         6.237(R)|      SLOW  |         2.861(R)|      FAST  |CLK_BUFGP         |   0.000|
entr1_out<7>  |         6.237(R)|      SLOW  |         2.861(R)|      FAST  |CLK_BUFGP         |   0.000|
entr1_out<8>  |         6.287(R)|      SLOW  |         2.911(R)|      FAST  |CLK_BUFGP         |   0.000|
entr1_out<9>  |         6.287(R)|      SLOW  |         2.911(R)|      FAST  |CLK_BUFGP         |   0.000|
entr1_out<10> |         6.232(R)|      SLOW  |         2.856(R)|      FAST  |CLK_BUFGP         |   0.000|
entr1_out<11> |         6.232(R)|      SLOW  |         2.856(R)|      FAST  |CLK_BUFGP         |   0.000|
entr1_out<12> |         6.282(R)|      SLOW  |         2.906(R)|      FAST  |CLK_BUFGP         |   0.000|
entr1_out<13> |         6.282(R)|      SLOW  |         2.906(R)|      FAST  |CLK_BUFGP         |   0.000|
entr1_out<14> |         6.229(R)|      SLOW  |         2.853(R)|      FAST  |CLK_BUFGP         |   0.000|
entr1_out<15> |         6.229(R)|      SLOW  |         2.853(R)|      FAST  |CLK_BUFGP         |   0.000|
op_out<0>     |        10.284(R)|      SLOW  |         5.616(R)|      FAST  |CLK_BUFGP         |   0.000|
op_out<1>     |        10.466(R)|      SLOW  |         5.746(R)|      FAST  |CLK_BUFGP         |   0.000|
op_out<2>     |        10.584(R)|      SLOW  |         5.784(R)|      FAST  |CLK_BUFGP         |   0.000|
op_out<3>     |        10.578(R)|      SLOW  |         5.781(R)|      FAST  |CLK_BUFGP         |   0.000|
op_out<4>     |        10.387(R)|      SLOW  |         5.655(R)|      FAST  |CLK_BUFGP         |   0.000|
op_out<5>     |        10.597(R)|      SLOW  |         5.821(R)|      FAST  |CLK_BUFGP         |   0.000|
op_out<6>     |        10.710(R)|      SLOW  |         5.872(R)|      FAST  |CLK_BUFGP         |   0.000|
op_out<7>     |        10.792(R)|      SLOW  |         5.918(R)|      FAST  |CLK_BUFGP         |   0.000|
sortie_out<0> |         6.278(R)|      SLOW  |         2.902(R)|      FAST  |CLK_BUFGP         |   0.000|
sortie_out<1> |         6.278(R)|      SLOW  |         2.902(R)|      FAST  |CLK_BUFGP         |   0.000|
sortie_out<2> |         6.328(R)|      SLOW  |         2.952(R)|      FAST  |CLK_BUFGP         |   0.000|
sortie_out<3> |         6.328(R)|      SLOW  |         2.952(R)|      FAST  |CLK_BUFGP         |   0.000|
sortie_out<4> |         6.277(R)|      SLOW  |         2.901(R)|      FAST  |CLK_BUFGP         |   0.000|
sortie_out<5> |         6.277(R)|      SLOW  |         2.901(R)|      FAST  |CLK_BUFGP         |   0.000|
sortie_out<6> |         6.327(R)|      SLOW  |         2.951(R)|      FAST  |CLK_BUFGP         |   0.000|
sortie_out<7> |         6.327(R)|      SLOW  |         2.951(R)|      FAST  |CLK_BUFGP         |   0.000|
sortie_out<8> |         6.269(R)|      SLOW  |         2.893(R)|      FAST  |CLK_BUFGP         |   0.000|
sortie_out<9> |         6.269(R)|      SLOW  |         2.893(R)|      FAST  |CLK_BUFGP         |   0.000|
sortie_out<10>|         6.319(R)|      SLOW  |         2.943(R)|      FAST  |CLK_BUFGP         |   0.000|
sortie_out<11>|         6.319(R)|      SLOW  |         2.943(R)|      FAST  |CLK_BUFGP         |   0.000|
sortie_out<12>|         6.265(R)|      SLOW  |         2.889(R)|      FAST  |CLK_BUFGP         |   0.000|
sortie_out<13>|         6.265(R)|      SLOW  |         2.889(R)|      FAST  |CLK_BUFGP         |   0.000|
sortie_out<14>|         6.316(R)|      SLOW  |         2.940(R)|      FAST  |CLK_BUFGP         |   0.000|
sortie_out<15>|         6.316(R)|      SLOW  |         2.940(R)|      FAST  |CLK_BUFGP         |   0.000|
--------------+-----------------+------------+-----------------+------------+------------------+--------+


Analysis completed Fri May 18 14:56:55 2018 
--------------------------------------------------------------------------------

Trace Settings:
-------------------------
Trace Settings 

Peak Memory Usage: 387 MB



